Universidade Federal de Campina Grande – UFCG
Centro de Engenharia Elétrica e Informática – CEEI
Departamento de Sistemas e Computação – DSC
Professor: Reinaldo Gomes
Disciplina: Administração de Sistemas
Aluno: Thalys Menezes Cunha Gadelha

Prática 05 - Particionamento

- Item 1
------------------

- Item 2
------------------

- Item 3
- Item 3.1
Creating filesystem with 1048576 4k blocks and 262144 inodes
Filesystem UUID: 027b1d28-925e-4882-83c5-0fed8e57c1de
Superblock backups stored on blocks: 
	32768, 98304, 163840, 229376, 294912, 819200, 884736

Allocating group tables: done                            
Writing inode tables: done                            
Creating journal (16384 blocks): done
Writing superblocks and filesystem accounting information: done 

- Item 3.2
Creating filesystem with 524288 4k blocks and 131072 inodes
Filesystem UUID: fde48096-4c50-4b2a-b2dc-170d568d23d4
Superblock backups stored on blocks: 
	32768, 98304, 163840, 229376, 294912

Allocating group tables: done                            
Writing inode tables: done                            
Creating journal (16384 blocks): done
Writing superblocks and filesystem accounting information: done 

- Item 3.3
Creating filesystem with 524288 4k blocks and 131072 inodes
Filesystem UUID: ccc50f29-7649-4f72-a7ce-bcfc9903e7df
Superblock backups stored on blocks: 
	32768, 98304, 163840, 229376, 294912

Allocating group tables:  0/16     done                            
Writing inode tables:  0/16     done                            
Creating journal (16384 blocks): done
Writing superblocks and filesystem accounting information:  0/16     done

- Item 3.4
Creating filesystem with 262144 4k blocks and 65536 inodes
Filesystem UUID: 2127b69d-a677-4985-a95e-da972250bb1d
Superblock backups stored on blocks: 
	32768, 98304, 163840, 229376

Allocating group tables: 0/8   done                            
Writing inode tables: 0/8   done                            
Creating journal (8192 blocks): done
Writing superblocks and filesystem accounting information: 0/8   done

- Item 4
Filesystem      Size  Used Avail Use% Mounted on
/dev/sda1        20G  9,5G  9,1G  52% /

- Item 5
- Item 5.1
2,1M	/var/backups
464M	/var/cache
720K	/var/crash
1,2G	/var/lib
4,0K	/var/local
0	/var/lock
79M	/var/log
4,0K	/var/mail
4,0K	/var/metrics
4,0K	/var/opt
0	/var/run
936K	/var/snap
52K	/var/spool
60K	/var/tmp

- Item 5.2
60K	/var/tmp
1,2G	/var/lib
4,0K	/var/opt
79M	/var/log
4,0K	/var/local
464M	/var/cache
936K	/var/snap
4,0K	/var/mail
52K	/var/spool
720K	/var/crash
4,0K	/var/metrics
2,1M	/var/backups
1,7G	/var

- Item 6
- Item 6.1
Nº blocos = 1048576 x 4096 B =~ 4GB

- Item 6.2
Data criação: Sat Mar 13 (13/03/2021)

- Item 6.3
UUID sdb5: ccc50f29-7649-4f72-a7ce-bcfc9903e7df

- Item 7
- Item 7.1
tune2fs 1.45.5 (07-Jan-2020)

- Item 7.2
tune2fs 1.45.5 (07-Jan-2020)
Setting interval between checks to 604800 seconds

- Item 7.3
tune2fs 1.45.5 (07-Jan-2020)
Setting reserved blocks percentage to 1% (2621 blocks)

- Item 8
- Item 8.1 (copiado manualmente)
fsck from util-linux 2.34
e2fsck 1.45.5 (07-Jan-2020)
Particao_1: clean, 11/262144 files, 34911/1048576 blocks

- Item 8.2 (copiado manualmente)
e2fsck 1.45.5 (07-Jan-2020)
/dev/sdb3: clean, 11/131072 files, 25405/524288 blocks

- Item 8.3 (copiado manualmente)
fsck from util-linux 2.34
e2fsck 1.45.5 (07-Jan-2020)
/dev/sdb5: clean, 11/131072 files, 26156/524288 blocks

- Item 8.4 (copiado manualmente)
e2fsck 1.45.5 (07-Jan-2020)
/dev/sdb6: clean, 11/65536 files, 12955/262144 blocks

- Item 9
Filesystem      Size  Used Avail Use% Mounted on
udev            1,9G     0  1,9G   0% /dev
tmpfs           391M  1,9M  389M   1% /run
/dev/sda1        20G  9,5G  9,1G  52% /
tmpfs           2,0G   99M  1,9G   6% /dev/shm
tmpfs           5,0M  4,0K  5,0M   1% /run/lock
tmpfs           2,0G     0  2,0G   0% /sys/fs/cgroup
/dev/loop1      219M  219M     0 100% /snap/gnome-3-34-1804/66
/dev/loop2       65M   65M     0 100% /snap/gtk-common-themes/1514
/dev/loop0       56M   56M     0 100% /snap/core18/1988
/dev/loop3       52M   52M     0 100% /snap/snap-store/518
/dev/loop4       32M   32M     0 100% /snap/snapd/11036
/dev/loop5       33M   33M     0 100% /snap/snapd/11107
tmpfs           391M   52K  391M   1% /run/user/1000
/dev/sdb3       2,0G  3,1M  1,9G   1% /mnt/dir_teste

- Item 10
Filesystem      Size  Used Avail Use% Mounted on
udev            1,9G     0  1,9G   0% /dev
tmpfs           391M  1,9M  389M   1% /run
/dev/sda1        20G  9,5G  9,1G  52% /
tmpfs           2,0G   99M  1,9G   6% /dev/shm
tmpfs           5,0M  4,0K  5,0M   1% /run/lock
tmpfs           2,0G     0  2,0G   0% /sys/fs/cgroup
/dev/loop1      219M  219M     0 100% /snap/gnome-3-34-1804/66
/dev/loop2       65M   65M     0 100% /snap/gtk-common-themes/1514
/dev/loop0       56M   56M     0 100% /snap/core18/1988
/dev/loop3       52M   52M     0 100% /snap/snap-store/518
/dev/loop4       32M   32M     0 100% /snap/snapd/11036
/dev/loop5       33M   33M     0 100% /snap/snapd/11107
tmpfs           391M   52K  391M   1% /run/user/1000

- Item 11
Filesystem      Size  Used Avail Use% Mounted on
udev            1,9G     0  1,9G   0% /dev
tmpfs           391M  1,9M  389M   1% /run
/dev/sda1        20G  9,5G  9,1G  52% /
tmpfs           2,0G   99M  1,9G   6% /dev/shm
tmpfs           5,0M  4,0K  5,0M   1% /run/lock
tmpfs           2,0G     0  2,0G   0% /sys/fs/cgroup
/dev/loop1      219M  219M     0 100% /snap/gnome-3-34-1804/66
/dev/loop2       65M   65M     0 100% /snap/gtk-common-themes/1514
/dev/loop0       56M   56M     0 100% /snap/core18/1988
/dev/loop3       52M   52M     0 100% /snap/snap-store/518
/dev/loop4       32M   32M     0 100% /snap/snapd/11036
/dev/loop5       33M   33M     0 100% /snap/snapd/11107
tmpfs           391M   52K  391M   1% /run/user/1000
/dev/sdb3       2,0G  3,1M  1,9G   1% /mnt/dir_teste

- Item 12
Filesystem      Size  Used Avail Use% Mounted on
udev            1,9G     0  1,9G   0% /dev
tmpfs           391M  1,9M  389M   1% /run
/dev/sda1        20G  8,3G   11G  45% /
tmpfs           2,0G   99M  1,9G   6% /dev/shm
tmpfs           5,0M  4,0K  5,0M   1% /run/lock
tmpfs           2,0G     0  2,0G   0% /sys/fs/cgroup
/dev/loop1      219M  219M     0 100% /snap/gnome-3-34-1804/66
/dev/loop2       65M   65M     0 100% /snap/gtk-common-themes/1514
/dev/loop0       56M   56M     0 100% /snap/core18/1988
/dev/loop3       52M   52M     0 100% /snap/snap-store/518
/dev/loop4       32M   32M     0 100% /snap/snapd/11036
/dev/loop5       33M   33M     0 100% /snap/snapd/11107
tmpfs           391M   52K  391M   1% /run/user/1000
/dev/sdb3       2,0G  3,1M  1,9G   1% /mnt/dir_teste
/dev/sdb1       3,9G  1,7G  2,1G  46% /var

- Item 13
- Item 13.1
Filename	Type		Size		Used		Priority
/swapfile       file		969960		23952		-2

- Item 13.2
Filename	Type		Size		Used		Priority
/swapfile       file		969960		23952		-2
/dev/sdb2       partition	511996		0		-3

- Item 13.3
Filename	Type		Size		Used		Priority
/swapfile       file		969960		23240		-2

- Item 13.4
Filename	Type		Size		Used		Priority
/swapfile       file		969960		23240		-2
/dev/sdb2       partition	511996		0		-3


